<html>
<body>
<pre>
<h1>µVision Build Log</h1>
<h2>Project:</h2>
N:\ece455\A2\a2.uvproj
Project File Date:  06/07/2015

<h2>Output:</h2>
Rebuild target 'LPC1768_FLASH'
assembling startup_LPC17xx.s...
compiling GLCD_SPI_LPC1700.c...
compiling system_LPC17xx.c...
compiling main.c...
main.c(27): error:  #98: an array may not have elements of this type
main.c(34): error:  #40: expected an identifier
main.c(34): error:  #70: incomplete type is not allowed
main.c(36): error:  #65: expected a ";"
main.c(39): error:  #77-D: this declaration has no storage class or type specifier
main.c(42): error:  #20: identifier "FSMSTATE" is undefined
main.c(43): error:  #65: expected a ";"
main.c(46): error:  #65: expected a ";"
Target not created
Build target 'LPC1768_FLASH'
compiling main.c...
main.c(27): error:  #98: an array may not have elements of this type
main.c(34): error:  #40: expected an identifier
main.c(34): error:  #70: incomplete type is not allowed
main.c(36): error:  #65: expected a ";"
main.c(39): error:  #77-D: this declaration has no storage class or type specifier
main.c(42): error:  #20: identifier "FSMSTATE" is undefined
main.c(43): error:  #65: expected a ";"
main.c(46): error:  #65: expected a ";"
Target not created
Build target 'LPC1768_FLASH'
compiling main.c...
main.c(27): error:  #98: an array may not have elements of this type
main.c(34): error:  #40: expected an identifier
main.c(34): error:  #70: incomplete type is not allowed
main.c(36): error:  #65: expected a ";"
main.c(39): error:  #77-D: this declaration has no storage class or type specifier
main.c(42): error:  #20: identifier "FSMSTATE" is undefined
main.c(43): error:  #65: expected a ";"
main.c(46): error:  #65: expected a ";"
Target not created
Build target 'LPC1768_FLASH'
compiling main.c...
main.c(29): error:  #40: expected an identifier
main.c(29): error:  #40: expected an identifier
main.c(29): error:  #40: expected an identifier
main.c(29): error:  #40: expected an identifier
main.c(29): error:  #40: expected an identifier
main.c(29): error:  #40: expected an identifier
main.c(29): error:  #40: expected an identifier
main.c(29): error:  #40: expected an identifier
main.c(43): error:  #29: expected an expression
main.c(43): error:  #57: this operator is not allowed in a constant expression
main.c(50): error:  #29: expected an expression
main.c(50): error:  #57: this operator is not allowed in a constant expression
main.c(50): error:  #29: expected an expression
main.c(50): error:  #57: this operator is not allowed in a constant expression
main.c(99): error:  #268: declaration may not appear after executable statement in block
main.c(99): warning:  #188-D: enumerated type mixed with another type
main.c(100): error:  #268: declaration may not appear after executable statement in block
main.c(100): error:  #70: incomplete type is not allowed
main.c(113): warning:  #111-D: statement is unreachable
Target not created
Rebuild target 'LPC1768_FLASH'
assembling startup_LPC17xx.s...
compiling GLCD_SPI_LPC1700.c...
compiling system_LPC17xx.c...
compiling main.c...
main.c(44): error:  #29: expected an expression
main.c(44): error:  #57: this operator is not allowed in a constant expression
main.c(51): error:  #29: expected an expression
main.c(51): error:  #57: this operator is not allowed in a constant expression
main.c(51): error:  #29: expected an expression
main.c(51): error:  #57: this operator is not allowed in a constant expression
main.c(100): error:  #268: declaration may not appear after executable statement in block
main.c(101): error:  #268: declaration may not appear after executable statement in block
main.c(101): error:  #70: incomplete type is not allowed
main.c(114): warning:  #111-D: statement is unreachable
Target not created
Rebuild target 'LPC1768_FLASH'
assembling startup_LPC17xx.s...
compiling GLCD_SPI_LPC1700.c...
compiling system_LPC17xx.c...
compiling main.c...
main.c(35): error:  #101: "state_t" has already been declared in the current scope
main.c(35): error:  #70: incomplete type is not allowed
main.c(35): error:  #65: expected a ";"
main.c(36): error:  #65: expected a ";"
main.c(37): error:  #65: expected a ";"
main.c(38): error:  #65: expected a ";"
main.c(39): error:  #65: expected a ";"
main.c(40): error:  #65: expected a ";"
main.c(41): error:  #65: expected a ";"
main.c(42): error:  #65: expected a ";"
main.c(44): error:  #29: expected an expression
main.c(44): error:  #57: this operator is not allowed in a constant expression
main.c(45): error:  #20: identifier "do_state_S0" is undefined
main.c(45): error:  #20: identifier "do_state_S1" is undefined
main.c(45): error:  #20: identifier "do_state_S2" is undefined
main.c(45): error:  #20: identifier "do_state_S3" is undefined
main.c(46): error:  #20: identifier "do_state_S4" is undefined
main.c(46): error:  #20: identifier "do_state_S5" is undefined
main.c(46): error:  #20: identifier "do_state_S6" is undefined
main.c(46): error:  #20: identifier "do_state_S7" is undefined
main.c(51): error:  #29: expected an expression
main.c(51): error:  #57: this operator is not allowed in a constant expression
main.c(51): error:  #29: expected an expression
main.c(51): error:  #57: this operator is not allowed in a constant expression
main.c(57): error:  #757: variable "state_t" is not a type name
main.c(57): error:  #757: variable "state_t" is not a type name
main.c(58): error:  #65: expected a ";"
main.c(59): error:  #268: declaration may not appear after executable statement in block
main.c(59): error:  #20: identifier "new_state" is undefined
main.c(100): error:  #65: expected a ";"
Target not created
Rebuild target 'LPC1768_FLASH'
assembling startup_LPC17xx.s...
compiling GLCD_SPI_LPC1700.c...
compiling system_LPC17xx.c...
compiling main.c...
main.c(44): error:  #29: expected an expression
main.c(44): error:  #57: this operator is not allowed in a constant expression
main.c(51): error:  #29: expected an expression
main.c(51): error:  #57: this operator is not allowed in a constant expression
main.c(51): error:  #29: expected an expression
main.c(51): error:  #57: this operator is not allowed in a constant expression
main.c(100): error:  #268: declaration may not appear after executable statement in block
main.c(101): error:  #268: declaration may not appear after executable statement in block
main.c(101): error:  #70: incomplete type is not allowed
main.c(114): warning:  #111-D: statement is unreachable
Target not created
Rebuild target 'LPC1768_FLASH'
assembling startup_LPC17xx.s...
compiling GLCD_SPI_LPC1700.c...
compiling system_LPC17xx.c...
compiling main.c...
main.c(44): error:  #29: expected an expression
main.c(44): error:  #57: this operator is not allowed in a constant expression
main.c(51): error:  #29: expected an expression
main.c(51): error:  #57: this operator is not allowed in a constant expression
main.c(51): error:  #29: expected an expression
main.c(51): error:  #57: this operator is not allowed in a constant expression
main.c(100): error:  #268: declaration may not appear after executable statement in block
main.c(101): error:  #268: declaration may not appear after executable statement in block
main.c(101): error:  #70: incomplete type is not allowed
main.c(114): warning:  #111-D: statement is unreachable
Target not created
Rebuild target 'LPC1768_FLASH'
assembling startup_LPC17xx.s...
compiling GLCD_SPI_LPC1700.c...
compiling system_LPC17xx.c...
compiling main.c...
main.c(53): error:  #29: expected an expression
main.c(53): error:  #57: this operator is not allowed in a constant expression
main.c(53): error:  #29: expected an expression
main.c(53): error:  #57: this operator is not allowed in a constant expression
main.c(60): error:  #20: identifier "state_table" is undefined
main.c(102): error:  #268: declaration may not appear after executable statement in block
main.c(103): error:  #268: declaration may not appear after executable statement in block
main.c(103): error:  #70: incomplete type is not allowed
main.c(116): warning:  #111-D: statement is unreachable
Target not created
Rebuild target 'LPC1768_FLASH'
assembling startup_LPC17xx.s...
compiling GLCD_SPI_LPC1700.c...
compiling system_LPC17xx.c...
compiling main.c...
main.c(53): error:  #29: expected an expression
main.c(53): error:  #57: this operator is not allowed in a constant expression
main.c(53): error:  #29: expected an expression
main.c(53): error:  #57: this operator is not allowed in a constant expression
main.c(60): error:  #20: identifier "state_table" is undefined
main.c(102): error:  #268: declaration may not appear after executable statement in block
main.c(103): error:  #268: declaration may not appear after executable statement in block
main.c(103): error:  #70: incomplete type is not allowed
main.c(116): warning:  #111-D: statement is unreachable
Target not created
Build target 'LPC1768_FLASH'
compiling main.c...
main.c(45): error:  #29: expected an expression
main.c(45): error:  #57: this operator is not allowed in a constant expression
main.c(52): error:  #29: expected an expression
main.c(52): error:  #57: this operator is not allowed in a constant expression
main.c(52): error:  #29: expected an expression
main.c(52): error:  #57: this operator is not allowed in a constant expression
main.c(101): error:  #268: declaration may not appear after executable statement in block
main.c(102): error:  #268: declaration may not appear after executable statement in block
main.c(102): error:  #70: incomplete type is not allowed
main.c(115): warning:  #111-D: statement is unreachable
Target not created
Rebuild target 'LPC1768_FLASH'
assembling startup_LPC17xx.s...
compiling GLCD_SPI_LPC1700.c...
compiling system_LPC17xx.c...
compiling main.c...
main.c(55): error:  #29: expected an expression
main.c(55): error:  #57: this operator is not allowed in a constant expression
main.c(57): error:  #20: identifier "do_state_S7" is undefined
main.c(62): error:  #29: expected an expression
main.c(62): error:  #57: this operator is not allowed in a constant expression
main.c(62): error:  #29: expected an expression
main.c(62): error:  #57: this operator is not allowed in a constant expression
main.c(111): error:  #268: declaration may not appear after executable statement in block
main.c(112): error:  #268: declaration may not appear after executable statement in block
main.c(112): error:  #70: incomplete type is not allowed
main.c(125): warning:  #111-D: statement is unreachable
Target not created
Rebuild target 'LPC1768_FLASH'
assembling startup_LPC17xx.s...
compiling GLCD_SPI_LPC1700.c...
compiling system_LPC17xx.c...
compiling main.c...
main.c(55): error:  #29: expected an expression
main.c(55): error:  #57: this operator is not allowed in a constant expression
main.c(57): error:  #20: identifier "do_state_S7" is undefined
main.c(62): error:  #29: expected an expression
main.c(62): error:  #57: this operator is not allowed in a constant expression
main.c(62): error:  #29: expected an expression
main.c(62): error:  #57: this operator is not allowed in a constant expression
main.c(111): error:  #268: declaration may not appear after executable statement in block
main.c(112): error:  #268: declaration may not appear after executable statement in block
main.c(112): error:  #70: incomplete type is not allowed
main.c(125): warning:  #111-D: statement is unreachable
Target not created
Rebuild target 'LPC1768_FLASH'
assembling startup_LPC17xx.s...
compiling GLCD_SPI_LPC1700.c...
compiling system_LPC17xx.c...
compiling main.c...
main.c(55): error:  #29: expected an expression
main.c(55): error:  #57: this operator is not allowed in a constant expression
main.c(57): error:  #20: identifier "do_state_S7" is undefined
main.c(62): error:  #29: expected an expression
main.c(62): error:  #57: this operator is not allowed in a constant expression
main.c(62): error:  #29: expected an expression
main.c(62): error:  #57: this operator is not allowed in a constant expression
main.c(111): error:  #268: declaration may not appear after executable statement in block
main.c(112): error:  #268: declaration may not appear after executable statement in block
main.c(112): error:  #70: incomplete type is not allowed
main.c(125): warning:  #111-D: statement is unreachable
Target not created
Rebuild target 'LPC1768_FLASH'
assembling startup_LPC17xx.s...
compiling GLCD_SPI_LPC1700.c...
compiling system_LPC17xx.c...
compiling main.c...
main.c(31): error:  #65: expected a ";"
main.c(32): error:  #20: identifier "input_event_t" is undefined
main.c(33): error:  #20: identifier "input_event_t" is undefined
main.c(35): error:  #20: identifier "input_event_t" is undefined
main.c(36): error:  #20: identifier "input_event_t" is undefined
main.c(37): error:  #20: identifier "input_event_t" is undefined
main.c(38): error:  #20: identifier "input_event_t" is undefined
main.c(39): error:  #20: identifier "input_event_t" is undefined
main.c(40): error:  #20: identifier "input_event_t" is undefined
main.c(41): error:  #20: identifier "input_event_t" is undefined
main.c(45): error:  #20: identifier "input_event_t" is undefined
main.c(46): error:  #20: identifier "input_event_t" is undefined
main.c(47): error:  #20: identifier "input_event_t" is undefined
main.c(48): error:  #20: identifier "input_event_t" is undefined
main.c(49): error:  #20: identifier "input_event_t" is undefined
main.c(50): error:  #20: identifier "input_event_t" is undefined
main.c(51): error:  #20: identifier "input_event_t" is undefined
main.c(55): error:  #29: expected an expression
main.c(55): error:  #57: this operator is not allowed in a constant expression
main.c(57): error:  #20: identifier "do_state_S7" is undefined
main.c(62): error:  #29: expected an expression
main.c(62): error:  #57: this operator is not allowed in a constant expression
main.c(62): error:  #29: expected an expression
main.c(62): error:  #57: this operator is not allowed in a constant expression
main.c(68): error:  #20: identifier "input_event_t" is undefined
main.c(111): error:  #268: declaration may not appear after executable statement in block
main.c(112): error:  #268: declaration may not appear after executable statement in block
main.c(112): error:  #20: identifier "input_event_t" is undefined
main.c(125): warning:  #111-D: statement is unreachable
Target not created
Rebuild target 'LPC1768_FLASH'
assembling startup_LPC17xx.s...
compiling GLCD_SPI_LPC1700.c...
compiling system_LPC17xx.c...
compiling main.c...
main.c(55): error:  #29: expected an expression
main.c(55): error:  #57: this operator is not allowed in a constant expression
main.c(57): error:  #20: identifier "do_state_S7" is undefined
main.c(62): error:  #29: expected an expression
main.c(62): error:  #57: this operator is not allowed in a constant expression
main.c(62): error:  #29: expected an expression
main.c(62): error:  #57: this operator is not allowed in a constant expression
main.c(111): error:  #268: declaration may not appear after executable statement in block
main.c(112): error:  #268: declaration may not appear after executable statement in block
main.c(112): error:  #70: incomplete type is not allowed
main.c(125): warning:  #111-D: statement is unreachable
Target not created
Rebuild target 'LPC1768_FLASH'
assembling startup_LPC17xx.s...
compiling GLCD_SPI_LPC1700.c...
compiling system_LPC17xx.c...
compiling main.c...
main.c(44): error:  #29: expected an expression
main.c(44): error:  #57: this operator is not allowed in a constant expression
main.c(46): error:  #20: identifier "do_state_S7" is undefined
main.c(62): error:  #29: expected an expression
main.c(62): error:  #57: this operator is not allowed in a constant expression
main.c(62): error:  #29: expected an expression
main.c(62): error:  #57: this operator is not allowed in a constant expression
main.c(111): error:  #268: declaration may not appear after executable statement in block
main.c(112): error:  #268: declaration may not appear after executable statement in block
main.c(112): error:  #70: incomplete type is not allowed
main.c(125): warning:  #111-D: statement is unreachable
Target not created
Rebuild target 'LPC1768_FLASH'
assembling startup_LPC17xx.s...
compiling GLCD_SPI_LPC1700.c...
compiling system_LPC17xx.c...
compiling main.c...
main.c(44): error:  #29: expected an expression
main.c(44): error:  #57: this operator is not allowed in a constant expression
main.c(44): error:  #20: identifier "do_state_S7" is undefined
main.c(59): error:  #29: expected an expression
main.c(59): error:  #57: this operator is not allowed in a constant expression
main.c(59): error:  #29: expected an expression
main.c(59): error:  #57: this operator is not allowed in a constant expression
main.c(108): error:  #268: declaration may not appear after executable statement in block
main.c(109): error:  #268: declaration may not appear after executable statement in block
main.c(109): error:  #70: incomplete type is not allowed
main.c(122): warning:  #111-D: statement is unreachable
Target not created
Rebuild target 'LPC1768_FLASH'
assembling startup_LPC17xx.s...
compiling GLCD_SPI_LPC1700.c...
compiling system_LPC17xx.c...
compiling main.c...
main.c(43): error:  #29: expected an expression
main.c(43): error:  #57: this operator is not allowed in a constant expression
main.c(45): error:  #20: identifier "do_state_S7" is undefined
main.c(62): error:  #29: expected an expression
main.c(62): error:  #57: this operator is not allowed in a constant expression
main.c(62): error:  #29: expected an expression
main.c(62): error:  #57: this operator is not allowed in a constant expression
main.c(111): error:  #268: declaration may not appear after executable statement in block
main.c(112): error:  #268: declaration may not appear after executable statement in block
main.c(112): error:  #70: incomplete type is not allowed
main.c(125): warning:  #111-D: statement is unreachable
Target not created
Rebuild target 'LPC1768_FLASH'
assembling startup_LPC17xx.s...
compiling GLCD_SPI_LPC1700.c...
compiling system_LPC17xx.c...
compiling main.c...
main.c(32): error:  #20: identifier "state_func_ptr_t" is undefined
main.c(43): error:  #20: identifier "state_func_ptr_t" is undefined
main.c(43): error:  #29: expected an expression
main.c(43): error:  #57: this operator is not allowed in a constant expression
main.c(45): error:  #20: identifier "do_state_S7" is undefined
main.c(62): error:  #29: expected an expression
main.c(62): error:  #57: this operator is not allowed in a constant expression
main.c(62): error:  #29: expected an expression
main.c(62): error:  #57: this operator is not allowed in a constant expression
main.c(111): error:  #268: declaration may not appear after executable statement in block
main.c(112): error:  #268: declaration may not appear after executable statement in block
main.c(112): error:  #70: incomplete type is not allowed
main.c(125): warning:  #111-D: statement is unreachable
Target not created
Rebuild target 'LPC1768_FLASH'
assembling startup_LPC17xx.s...
compiling GLCD_SPI_LPC1700.c...
compiling system_LPC17xx.c...
compiling main.c...
main.c(17): error:  #20: identifier "state" is undefined
main.c(87): error:  #20: identifier "state" is undefined
main.c(88): error:  #20: identifier "event" is undefined
main.c(112): warning:  #1-D: last line of file ends without a newline
Target not created
Rebuild target 'LPC1768_FLASH'
assembling startup_LPC17xx.s...
compiling GLCD_SPI_LPC1700.c...
compiling system_LPC17xx.c...
compiling main.c...
main.c(87): error:  #20: identifier "state" is undefined
main.c(88): error:  #20: identifier "event" is undefined
main.c(112): warning:  #1-D: last line of file ends without a newline
Target not created
Rebuild target 'LPC1768_FLASH'
assembling startup_LPC17xx.s...
compiling GLCD_SPI_LPC1700.c...
compiling system_LPC17xx.c...
compiling main.c...
main.c(112): warning:  #1-D: last line of file ends without a newline
linking...
Program Size: Code=4098 RO-data=6526 RW-data=40 ZI-data=688  
"a2.axf" - 0 Error(s), 1 Warning(s).
Rebuild target 'LPC1768_FLASH'
assembling startup_LPC17xx.s...
compiling GLCD_SPI_LPC1700.c...
compiling system_LPC17xx.c...
compiling main.c...
linking...
Program Size: Code=4098 RO-data=6526 RW-data=40 ZI-data=688  
"a2.axf" - 0 Error(s), 0 Warning(s).
Load "N:\\ece455\\A2\\a2.AXF" 
Erase Done.
Programming Done.
Verify OK.
Rebuild target 'LPC1768_FLASH'
assembling startup_LPC17xx.s...
compiling GLCD_SPI_LPC1700.c...
compiling system_LPC17xx.c...
compiling main.c...
linking...
Program Size: Code=4098 RO-data=6526 RW-data=40 ZI-data=688  
"a2.axf" - 0 Error(s), 0 Warning(s).
Load "N:\\ece455\\A2\\a2.AXF" 
Erase Done.
Programming Done.
Verify OK.
Rebuild target 'LPC1768_FLASH'
assembling startup_LPC17xx.s...
compiling GLCD_SPI_LPC1700.c...
compiling system_LPC17xx.c...
compiling main.c...
linking...
Program Size: Code=4098 RO-data=6526 RW-data=40 ZI-data=688  
"a2.axf" - 0 Error(s), 0 Warning(s).
Load "N:\\ece455\\A2\\a2.AXF" 
Erase Done.
Programming Done.
Verify OK.
Rebuild target 'LPC1768_FLASH'
assembling startup_LPC17xx.s...
compiling GLCD_SPI_LPC1700.c...
compiling system_LPC17xx.c...
compiling main.c...
linking...
Program Size: Code=4158 RO-data=6526 RW-data=40 ZI-data=688  
"a2.axf" - 0 Error(s), 0 Warning(s).
Load "N:\\ece455\\A2\\a2.AXF" 
Erase Done.
Programming Done.
Verify OK.
Rebuild target 'LPC1768_FLASH'
assembling startup_LPC17xx.s...
compiling GLCD_SPI_LPC1700.c...
compiling system_LPC17xx.c...
compiling main.c...
linking...
Program Size: Code=4174 RO-data=6526 RW-data=44 ZI-data=692  
"a2.axf" - 0 Error(s), 0 Warning(s).
Load "N:\\ece455\\A2\\a2.AXF" 
Erase Done.
Programming Done.
Verify OK.
Rebuild target 'LPC1768_FLASH'
assembling startup_LPC17xx.s...
compiling GLCD_SPI_LPC1700.c...
compiling system_LPC17xx.c...
compiling main.c...
linking...
Program Size: Code=4214 RO-data=6526 RW-data=44 ZI-data=692  
"a2.axf" - 0 Error(s), 0 Warning(s).
Load "N:\\ece455\\A2\\a2.AXF" 
Erase Done.
Programming Done.
Verify OK.
Rebuild target 'LPC1768_FLASH'
assembling startup_LPC17xx.s...
compiling GLCD_SPI_LPC1700.c...
compiling system_LPC17xx.c...
compiling main.c...
linking...
Program Size: Code=4214 RO-data=6526 RW-data=44 ZI-data=692  
"a2.axf" - 0 Error(s), 0 Warning(s).
Load "N:\\ece455\\A2\\a2.AXF" 
Erase Done.
Programming Done.
Verify OK.
Rebuild target 'LPC1768_FLASH'
assembling startup_LPC17xx.s...
compiling GLCD_SPI_LPC1700.c...
compiling system_LPC17xx.c...
compiling main.c...
linking...
Program Size: Code=4198 RO-data=6526 RW-data=44 ZI-data=692  
"a2.axf" - 0 Error(s), 0 Warning(s).
Load "N:\\ece455\\A2\\a2.AXF" 
Erase Done.
Programming Done.
Verify OK.
Rebuild target 'LPC1768_FLASH'
assembling startup_LPC17xx.s...
compiling GLCD_SPI_LPC1700.c...
compiling system_LPC17xx.c...
compiling main.c...
linking...
Program Size: Code=4186 RO-data=6526 RW-data=44 ZI-data=692  
"a2.axf" - 0 Error(s), 0 Warning(s).
Load "N:\\ece455\\A2\\a2.AXF" 
Erase Done.
Programming Done.
Verify OK.
Rebuild target 'LPC1768_FLASH'
assembling startup_LPC17xx.s...
compiling GLCD_SPI_LPC1700.c...
compiling system_LPC17xx.c...
compiling main.c...
linking...
Program Size: Code=4202 RO-data=6526 RW-data=44 ZI-data=692  
"a2.axf" - 0 Error(s), 0 Warning(s).
Load "N:\\ece455\\A2\\a2.AXF" 
Erase Done.
Programming Done.
Verify OK.
Rebuild target 'LPC1768_FLASH'
assembling startup_LPC17xx.s...
compiling GLCD_SPI_LPC1700.c...
compiling system_LPC17xx.c...
compiling main.c...
linking...
Program Size: Code=4202 RO-data=6526 RW-data=44 ZI-data=692  
"a2.axf" - 0 Error(s), 0 Warning(s).
Load "N:\\ece455\\A2\\a2.AXF" 
Erase Done.
Programming Done.
Verify OK.
Rebuild target 'LPC1768_FLASH'
assembling startup_LPC17xx.s...
compiling GLCD_SPI_LPC1700.c...
compiling system_LPC17xx.c...
compiling main.c...
linking...
Program Size: Code=4202 RO-data=6526 RW-data=44 ZI-data=692  
"a2.axf" - 0 Error(s), 0 Warning(s).
Load "N:\\ece455\\A2\\a2.AXF" 
Erase Done.
Programming Done.
Verify OK.
Rebuild target 'LPC1768_FLASH'
assembling startup_LPC17xx.s...
compiling GLCD_SPI_LPC1700.c...
compiling system_LPC17xx.c...
compiling main.c...
main.c(131): error:  #20: identifier "i" is undefined
main.c(131): error:  #20: identifier "milliseconds" is undefined
main.c(132): error:  #20: identifier "j" is undefined
main.c(136): error: At end of source:  #67: expected a "}"
Target not created
Rebuild target 'LPC1768_FLASH'
assembling startup_LPC17xx.s...
compiling GLCD_SPI_LPC1700.c...
compiling system_LPC17xx.c...
compiling main.c...
main.c(131): error:  #29: expected an expression
main.c(131): error:  #20: identifier "i" is undefined
main.c(131): error:  #20: identifier "milliseconds" is undefined
main.c(132): error:  #29: expected an expression
main.c(132): error:  #20: identifier "j" is undefined
main.c(136): error: At end of source:  #67: expected a "}"
Target not created
Rebuild target 'LPC1768_FLASH'
assembling startup_LPC17xx.s...
compiling GLCD_SPI_LPC1700.c...
compiling system_LPC17xx.c...
compiling main.c...
main.c(133): error:  #20: identifier "milliseconds" is undefined
main.c(138): error: At end of source:  #67: expected a "}"
Target not created
Rebuild target 'LPC1768_FLASH'
assembling startup_LPC17xx.s...
compiling GLCD_SPI_LPC1700.c...
compiling system_LPC17xx.c...
compiling main.c...
main.c(139): error: At end of source:  #67: expected a "}"
Target not created
Rebuild target 'LPC1768_FLASH'
assembling startup_LPC17xx.s...
compiling GLCD_SPI_LPC1700.c...
compiling system_LPC17xx.c...
compiling main.c...
linking...
Program Size: Code=4278 RO-data=6526 RW-data=76 ZI-data=692  
"a2.axf" - 0 Error(s), 0 Warning(s).
Load "N:\\ece455\\A2\\a2.AXF" 
Erase Done.
Programming Done.
Verify OK.
Rebuild target 'LPC1768_FLASH'
assembling startup_LPC17xx.s...
compiling GLCD_SPI_LPC1700.c...
compiling system_LPC17xx.c...
compiling main.c...
linking...
Program Size: Code=4278 RO-data=6526 RW-data=76 ZI-data=692  
"a2.axf" - 0 Error(s), 0 Warning(s).
Load "N:\\ece455\\A2\\a2.AXF" 
Erase Done.
Programming Done.
Verify OK.
Rebuild target 'LPC1768_FLASH'
assembling startup_LPC17xx.s...
compiling GLCD_SPI_LPC1700.c...
compiling system_LPC17xx.c...
compiling main.c...
linking...
Program Size: Code=4278 RO-data=6526 RW-data=76 ZI-data=692  
"a2.axf" - 0 Error(s), 0 Warning(s).
Load "N:\\ece455\\A2\\a2.AXF" 
Erase Done.
Programming Done.
Verify OK.
Rebuild target 'LPC1768_FLASH'
assembling startup_LPC17xx.s...
compiling GLCD_SPI_LPC1700.c...
compiling system_LPC17xx.c...
compiling main.c...
linking...
Program Size: Code=4278 RO-data=6526 RW-data=76 ZI-data=692  
"a2.axf" - 0 Error(s), 0 Warning(s).
Load "N:\\ece455\\A2\\a2.AXF" 
Erase Done.
Programming Done.
Verify OK.
Rebuild target 'LPC1768_FLASH'
assembling startup_LPC17xx.s...
compiling GLCD_SPI_LPC1700.c...
compiling system_LPC17xx.c...
compiling main.c...
linking...
Program Size: Code=4278 RO-data=6526 RW-data=76 ZI-data=692  
"a2.axf" - 0 Error(s), 0 Warning(s).
Load "N:\\ece455\\A2\\a2.AXF" 
Erase Done.
Programming Done.
Verify OK.
Rebuild target 'LPC1768_FLASH'
assembling startup_LPC17xx.s...
compiling GLCD_SPI_LPC1700.c...
compiling system_LPC17xx.c...
compiling main.c...
linking...
Program Size: Code=4278 RO-data=6526 RW-data=76 ZI-data=692  
"a2.axf" - 0 Error(s), 0 Warning(s).
Load "N:\\ece455\\A2\\a2.AXF" 
Erase Done.
Programming Done.
Verify OK.
Rebuild target 'LPC1768_FLASH'
assembling startup_LPC17xx.s...
compiling GLCD_SPI_LPC1700.c...
compiling system_LPC17xx.c...
compiling main.c...
linking...
Program Size: Code=4278 RO-data=6526 RW-data=76 ZI-data=692  
"a2.axf" - 0 Error(s), 0 Warning(s).
Load "N:\\ece455\\A2\\a2.AXF" 
Erase Done.
Programming Done.
Verify OK.
Rebuild target 'LPC1768_FLASH'
assembling startup_LPC17xx.s...
compiling GLCD_SPI_LPC1700.c...
compiling system_LPC17xx.c...
compiling main.c...
linking...
Program Size: Code=4202 RO-data=6526 RW-data=76 ZI-data=692  
"a2.axf" - 0 Error(s), 0 Warning(s).
Rebuild target 'LPC1768_FLASH'
assembling startup_LPC17xx.s...
compiling GLCD_SPI_LPC1700.c...
compiling system_LPC17xx.c...
compiling main.c...
linking...
Program Size: Code=4206 RO-data=6526 RW-data=76 ZI-data=692  
"a2.axf" - 0 Error(s), 0 Warning(s).
Load "N:\\ece455\\A2\\a2.AXF" 
Erase Done.
Programming Done.
Verify OK.
Rebuild target 'LPC1768_FLASH'
assembling startup_LPC17xx.s...
compiling GLCD_SPI_LPC1700.c...
compiling system_LPC17xx.c...
compiling main.c...
linking...
Program Size: Code=4206 RO-data=6526 RW-data=76 ZI-data=692  
"a2.axf" - 0 Error(s), 0 Warning(s).
Load "N:\\ece455\\A2\\a2.AXF" 
Erase Done.
Programming Done.
Verify OK.
Rebuild target 'LPC1768_FLASH'
assembling startup_LPC17xx.s...
compiling GLCD_SPI_LPC1700.c...
compiling system_LPC17xx.c...
compiling main.c...
linking...
Program Size: Code=4206 RO-data=6526 RW-data=76 ZI-data=692  
"a2.axf" - 0 Error(s), 0 Warning(s).
Load "N:\\ece455\\A2\\a2.AXF" 
Erase Done.
Programming Done.
Verify OK.
Rebuild target 'LPC1768_FLASH'
assembling startup_LPC17xx.s...
compiling GLCD_SPI_LPC1700.c...
compiling system_LPC17xx.c...
compiling main.c...
linking...
Program Size: Code=4206 RO-data=6526 RW-data=76 ZI-data=692  
"a2.axf" - 0 Error(s), 0 Warning(s).
Rebuild target 'LPC1768_FLASH'
assembling startup_LPC17xx.s...
compiling GLCD_SPI_LPC1700.c...
compiling system_LPC17xx.c...
compiling main.c...
linking...
Program Size: Code=4206 RO-data=6526 RW-data=76 ZI-data=692  
"a2.axf" - 0 Error(s), 0 Warning(s).
Load "N:\\ece455\\A2\\a2.AXF" 
Erase Done.
Programming Done.
Verify OK.
Rebuild target 'LPC1768_FLASH'
assembling startup_LPC17xx.s...
compiling GLCD_SPI_LPC1700.c...
compiling system_LPC17xx.c...
compiling main.c...
linking...
Program Size: Code=4254 RO-data=6526 RW-data=76 ZI-data=692  
"a2.axf" - 0 Error(s), 0 Warning(s).
Load "N:\\ece455\\A2\\a2.AXF" 
Erase Done.
Programming Done.
Verify OK.
Rebuild target 'LPC1768_FLASH'
assembling startup_LPC17xx.s...
compiling GLCD_SPI_LPC1700.c...
compiling system_LPC17xx.c...
compiling main.c...
linking...
Program Size: Code=4250 RO-data=6526 RW-data=76 ZI-data=692  
"a2.axf" - 0 Error(s), 0 Warning(s).
Load "N:\\ece455\\A2\\a2.AXF" 
Erase Done.
Programming Done.
Verify OK.
Rebuild target 'LPC1768_FLASH'
assembling startup_LPC17xx.s...
compiling GLCD_SPI_LPC1700.c...
compiling system_LPC17xx.c...
compiling main.c...
linking...
Program Size: Code=4250 RO-data=6526 RW-data=76 ZI-data=692  
"a2.axf" - 0 Error(s), 0 Warning(s).
Rebuild target 'LPC1768_FLASH'
assembling startup_LPC17xx.s...
compiling GLCD_SPI_LPC1700.c...
compiling system_LPC17xx.c...
compiling main.c...
linking...
Program Size: Code=4294 RO-data=6526 RW-data=84 ZI-data=692  
"a2.axf" - 0 Error(s), 0 Warning(s).
Load "N:\\ece455\\A2\\a2.AXF" 
Erase Done.
Programming Done.
Verify OK.
Rebuild target 'LPC1768_FLASH'
assembling startup_LPC17xx.s...
compiling GLCD_SPI_LPC1700.c...
compiling system_LPC17xx.c...
compiling main.c...
linking...
Program Size: Code=4286 RO-data=6526 RW-data=84 ZI-data=692  
"a2.axf" - 0 Error(s), 0 Warning(s).
Load "N:\\ece455\\A2\\a2.AXF" 
Erase Done.
Programming Done.
Verify OK.
Rebuild target 'LPC1768_FLASH'
assembling startup_LPC17xx.s...
compiling GLCD_SPI_LPC1700.c...
compiling system_LPC17xx.c...
compiling main.c...
linking...
Program Size: Code=4282 RO-data=6526 RW-data=84 ZI-data=692  
"a2.axf" - 0 Error(s), 0 Warning(s).
Load "N:\\ece455\\A2\\a2.AXF" 
Erase Done.
Programming Done.
Verify OK.
Rebuild target 'LPC1768_FLASH'
assembling startup_LPC17xx.s...
compiling GLCD_SPI_LPC1700.c...
compiling system_LPC17xx.c...
compiling main.c...
linking...
Program Size: Code=4226 RO-data=6526 RW-data=88 ZI-data=688  
"a2.axf" - 0 Error(s), 0 Warning(s).
Load "N:\\ece455\\A2\\a2.AXF" 
Erase Done.
Programming Done.
Verify OK.
Rebuild target 'LPC1768_FLASH'
assembling startup_LPC17xx.s...
compiling GLCD_SPI_LPC1700.c...
compiling system_LPC17xx.c...
compiling main.c...
linking...
Program Size: Code=4234 RO-data=6526 RW-data=88 ZI-data=688  
"a2.axf" - 0 Error(s), 0 Warning(s).
Load "N:\\ece455\\A2\\a2.AXF" 
Erase Done.
Programming Done.
Verify OK.
Rebuild target 'LPC1768_FLASH'
assembling startup_LPC17xx.s...
compiling GLCD_SPI_LPC1700.c...
compiling system_LPC17xx.c...
compiling main.c...
linking...
Program Size: Code=4190 RO-data=6526 RW-data=88 ZI-data=688  
"a2.axf" - 0 Error(s), 0 Warning(s).
Load "N:\\ece455\\A2\\a2.AXF" 
Erase Done.
Programming Done.
Verify OK.
Rebuild target 'LPC1768_FLASH'
assembling startup_LPC17xx.s...
compiling GLCD_SPI_LPC1700.c...
compiling system_LPC17xx.c...
compiling main.c...
linking...
Program Size: Code=4202 RO-data=6526 RW-data=88 ZI-data=688  
"a2.axf" - 0 Error(s), 0 Warning(s).
Load "N:\\ece455\\A2\\a2.AXF" 
Erase Done.
Programming Done.
Verify OK.
Load "N:\\ece455\\A2\\a2.AXF" 
Erase Done.
Programming Done.
Verify OK.
Rebuild target 'LPC1768_FLASH'
assembling startup_LPC17xx.s...
compiling GLCD_SPI_LPC1700.c...
compiling system_LPC17xx.c...
compiling main.c...
linking...
Program Size: Code=4202 RO-data=6526 RW-data=88 ZI-data=688  
"a2.axf" - 0 Error(s), 0 Warning(s).
Load "N:\\ece455\\A2\\a2.AXF" 
Erase Done.
Programming Done.
Verify OK.
Rebuild target 'LPC1768_FLASH'
assembling startup_LPC17xx.s...
compiling GLCD_SPI_LPC1700.c...
compiling system_LPC17xx.c...
compiling main.c...
linking...
Program Size: Code=4270 RO-data=6526 RW-data=88 ZI-data=688  
"a2.axf" - 0 Error(s), 0 Warning(s).
Load "N:\\ece455\\A2\\a2.AXF" 
Erase Done.
Programming Done.
Verify OK.
Rebuild target 'LPC1768_FLASH'
assembling startup_LPC17xx.s...
compiling GLCD_SPI_LPC1700.c...
compiling system_LPC17xx.c...
compiling main.c...
linking...
Program Size: Code=4270 RO-data=6526 RW-data=88 ZI-data=688  
"a2.axf" - 0 Error(s), 0 Warning(s).
Load "N:\\ece455\\A2\\a2.AXF" 
Erase Done.
Programming Done.
Verify OK.
Rebuild target 'LPC1768_FLASH'
assembling startup_LPC17xx.s...
compiling GLCD_SPI_LPC1700.c...
compiling system_LPC17xx.c...
compiling main.c...
linking...
Program Size: Code=4262 RO-data=6526 RW-data=88 ZI-data=688  
"a2.axf" - 0 Error(s), 0 Warning(s).
Load "N:\\ece455\\A2\\a2.AXF" 
Erase Done.
Programming Done.
Verify OK.
Rebuild target 'LPC1768_FLASH'
assembling startup_LPC17xx.s...
compiling GLCD_SPI_LPC1700.c...
compiling system_LPC17xx.c...
compiling main.c...
linking...
Program Size: Code=4266 RO-data=6526 RW-data=88 ZI-data=688  
"a2.axf" - 0 Error(s), 0 Warning(s).
Load "N:\\ece455\\A2\\a2.AXF" 
Erase Done.
Programming Done.
Verify OK.
Rebuild target 'LPC1768_FLASH'
assembling startup_LPC17xx.s...
compiling GLCD_SPI_LPC1700.c...
compiling system_LPC17xx.c...
compiling main.c...
linking...
Program Size: Code=4286 RO-data=6526 RW-data=92 ZI-data=692  
"a2.axf" - 0 Error(s), 0 Warning(s).
Load "N:\\ece455\\A2\\a2.AXF" 
Erase Done.
Programming Done.
Verify OK.
Rebuild target 'LPC1768_FLASH'
assembling startup_LPC17xx.s...
compiling GLCD_SPI_LPC1700.c...
compiling system_LPC17xx.c...
compiling main.c...
linking...
Program Size: Code=4286 RO-data=6526 RW-data=92 ZI-data=692  
"a2.axf" - 0 Error(s), 0 Warning(s).
Load "N:\\ece455\\A2\\a2.AXF" 
Erase Done.
Programming Done.
Verify OK.
Rebuild target 'LPC1768_FLASH'
assembling startup_LPC17xx.s...
compiling GLCD_SPI_LPC1700.c...
compiling system_LPC17xx.c...
compiling main.c...
linking...
Program Size: Code=4298 RO-data=6526 RW-data=92 ZI-data=692  
"a2.axf" - 0 Error(s), 0 Warning(s).
Load "N:\\ece455\\A2\\a2.AXF" 
Erase Done.
Programming Done.
Verify OK.
Rebuild target 'LPC1768_FLASH'
assembling startup_LPC17xx.s...
compiling GLCD_SPI_LPC1700.c...
compiling system_LPC17xx.c...
compiling main.c...
linking...
Program Size: Code=4290 RO-data=6526 RW-data=92 ZI-data=692  
"a2.axf" - 0 Error(s), 0 Warning(s).
Load "N:\\ece455\\A2\\a2.AXF" 
Erase Done.
Programming Done.
Verify OK.
Rebuild target 'LPC1768_FLASH'
assembling startup_LPC17xx.s...
compiling GLCD_SPI_LPC1700.c...
compiling system_LPC17xx.c...
compiling main.c...
linking...
Program Size: Code=4306 RO-data=6526 RW-data=92 ZI-data=692  
"a2.axf" - 0 Error(s), 0 Warning(s).
Load "N:\\ece455\\A2\\a2.AXF" 
Erase Done.
Programming Done.
Verify OK.
Rebuild target 'LPC1768_FLASH'
assembling startup_LPC17xx.s...
compiling GLCD_SPI_LPC1700.c...
compiling system_LPC17xx.c...
compiling main.c...
linking...
Program Size: Code=4290 RO-data=6526 RW-data=92 ZI-data=692  
"a2.axf" - 0 Error(s), 0 Warning(s).
Load "N:\\ece455\\A2\\a2.AXF" 
Erase Done.
Programming Done.
Verify OK.
Rebuild target 'LPC1768_FLASH'
assembling startup_LPC17xx.s...
compiling GLCD_SPI_LPC1700.c...
compiling system_LPC17xx.c...
compiling main.c...
linking...
Program Size: Code=4290 RO-data=6526 RW-data=92 ZI-data=692  
"a2.axf" - 0 Error(s), 0 Warning(s).
Load "N:\\ece455\\A2\\a2.AXF" 
Erase Done.
Programming Done.
Verify OK.
Rebuild target 'LPC1768_FLASH'
assembling startup_LPC17xx.s...
compiling GLCD_SPI_LPC1700.c...
compiling system_LPC17xx.c...
compiling main.c...
linking...
Program Size: Code=4306 RO-data=6526 RW-data=92 ZI-data=692  
"a2.axf" - 0 Error(s), 0 Warning(s).
Load "N:\\ece455\\A2\\a2.AXF" 
Erase Done.
Programming Done.
Verify OK.
Rebuild target 'LPC1768_FLASH'
assembling startup_LPC17xx.s...
compiling GLCD_SPI_LPC1700.c...
compiling system_LPC17xx.c...
compiling main.c...
linking...
Program Size: Code=4306 RO-data=6526 RW-data=92 ZI-data=692  
"a2.axf" - 0 Error(s), 0 Warning(s).
Load "N:\\ece455\\A2\\a2.AXF" 
Erase Done.
Programming Done.
Verify OK.
Rebuild target 'LPC1768_FLASH'
assembling startup_LPC17xx.s...
compiling GLCD_SPI_LPC1700.c...
compiling system_LPC17xx.c...
compiling main.c...
linking...
Program Size: Code=4322 RO-data=6526 RW-data=92 ZI-data=692  
"a2.axf" - 0 Error(s), 0 Warning(s).
Load "N:\\ece455\\A2\\a2.AXF" 
Erase Done.
Programming Done.
Verify OK.
Rebuild target 'LPC1768_FLASH'
assembling startup_LPC17xx.s...
compiling GLCD_SPI_LPC1700.c...
compiling system_LPC17xx.c...
compiling main.c...
linking...
Program Size: Code=4322 RO-data=6526 RW-data=92 ZI-data=692  
"a2.axf" - 0 Error(s), 0 Warning(s).
Load "N:\\ece455\\A2\\a2.AXF" 
Erase Done.
Programming Done.
Verify OK.
Rebuild target 'LPC1768_FLASH'
assembling startup_LPC17xx.s...
compiling GLCD_SPI_LPC1700.c...
compiling system_LPC17xx.c...
compiling main.c...
linking...
Program Size: Code=4322 RO-data=6526 RW-data=92 ZI-data=692  
"a2.axf" - 0 Error(s), 0 Warning(s).
Load "N:\\ece455\\A2\\a2.AXF" 
Erase Done.
Programming Done.
Verify OK.
Rebuild target 'LPC1768_FLASH'
assembling startup_LPC17xx.s...
compiling GLCD_SPI_LPC1700.c...
compiling system_LPC17xx.c...
compiling main.c...
linking...
Program Size: Code=4330 RO-data=6526 RW-data=92 ZI-data=692  
"a2.axf" - 0 Error(s), 0 Warning(s).
Load "N:\\ece455\\A2\\a2.AXF" 
Erase Done.
Programming Done.
Verify OK.
Rebuild target 'LPC1768_FLASH'
assembling startup_LPC17xx.s...
compiling GLCD_SPI_LPC1700.c...
compiling system_LPC17xx.c...
compiling main.c...
linking...
Program Size: Code=4330 RO-data=6526 RW-data=92 ZI-data=692  
"a2.axf" - 0 Error(s), 0 Warning(s).
Load "N:\\ece455\\A2\\a2.AXF" 
Erase Done.
Programming Done.
Verify OK.
Rebuild target 'LPC1768_FLASH'
assembling startup_LPC17xx.s...
compiling GLCD_SPI_LPC1700.c...
compiling system_LPC17xx.c...
compiling main.c...
linking...
Program Size: Code=4354 RO-data=6526 RW-data=92 ZI-data=692  
"a2.axf" - 0 Error(s), 0 Warning(s).
Load "N:\\ece455\\A2\\a2.AXF" 
Erase Done.
Programming Done.
Verify OK.
Rebuild target 'LPC1768_FLASH'
assembling startup_LPC17xx.s...
compiling GLCD_SPI_LPC1700.c...
compiling system_LPC17xx.c...
compiling main.c...
linking...
Program Size: Code=4358 RO-data=6526 RW-data=92 ZI-data=692  
"a2.axf" - 0 Error(s), 0 Warning(s).
Load "N:\\ece455\\A2\\a2.AXF" 
Erase Done.
Programming Done.
Verify OK.
Rebuild target 'LPC1768_FLASH'
assembling startup_LPC17xx.s...
compiling GLCD_SPI_LPC1700.c...
compiling system_LPC17xx.c...
compiling main.c...
linking...
Program Size: Code=4358 RO-data=6526 RW-data=92 ZI-data=692  
"a2.axf" - 0 Error(s), 0 Warning(s).
Load "N:\\ece455\\A2\\a2.AXF" 
Erase Done.
Programming Done.
Verify OK.
Rebuild target 'LPC1768_FLASH'
assembling startup_LPC17xx.s...
compiling GLCD_SPI_LPC1700.c...
compiling system_LPC17xx.c...
compiling main.c...
linking...
Program Size: Code=4358 RO-data=6526 RW-data=92 ZI-data=692  
"a2.axf" - 0 Error(s), 0 Warning(s).
Load "N:\\ece455\\A2\\a2.AXF" 
Erase Done.
Programming Done.
Verify OK.
Rebuild target 'LPC1768_FLASH'
assembling startup_LPC17xx.s...
compiling GLCD_SPI_LPC1700.c...
compiling system_LPC17xx.c...
compiling main.c...
main.c(91): warning:  #1134-D: literal treated as "long long"
linking...
Program Size: Code=4374 RO-data=6526 RW-data=92 ZI-data=692  
"a2.axf" - 0 Error(s), 1 Warning(s).
Load "N:\\ece455\\A2\\a2.AXF" 
Erase Done.
Programming Done.
Verify OK.
Rebuild target 'LPC1768_FLASH'
assembling startup_LPC17xx.s...
compiling GLCD_SPI_LPC1700.c...
compiling system_LPC17xx.c...
compiling main.c...
linking...
Program Size: Code=4370 RO-data=6526 RW-data=92 ZI-data=692  
"a2.axf" - 0 Error(s), 0 Warning(s).
Load "N:\\ece455\\A2\\a2.AXF" 
Erase Done.
Programming Done.
Verify OK.
Rebuild target 'LPC1768_FLASH'
assembling startup_LPC17xx.s...
compiling GLCD_SPI_LPC1700.c...
compiling system_LPC17xx.c...
compiling main.c...
linking...
Program Size: Code=4358 RO-data=6526 RW-data=92 ZI-data=692  
"a2.axf" - 0 Error(s), 0 Warning(s).
Load "N:\\ece455\\A2\\a2.AXF" 
Erase Done.
Programming Done.
Verify OK.
Rebuild target 'LPC1768_FLASH'
assembling startup_LPC17xx.s...
compiling GLCD_SPI_LPC1700.c...
compiling system_LPC17xx.c...
compiling main.c...
linking...
Program Size: Code=4358 RO-data=6526 RW-data=92 ZI-data=692  
"a2.axf" - 0 Error(s), 0 Warning(s).
Load "N:\\ece455\\A2\\a2.AXF" 
Erase Done.
Programming Done.
Verify OK.
Rebuild target 'LPC1768_FLASH'
assembling startup_LPC17xx.s...
compiling GLCD_SPI_LPC1700.c...
compiling system_LPC17xx.c...
compiling main.c...
linking...
Program Size: Code=4358 RO-data=6526 RW-data=92 ZI-data=692  
"a2.axf" - 0 Error(s), 0 Warning(s).
Load "N:\\ece455\\A2\\a2.AXF" 
Erase Done.
Programming Done.
Verify OK.
Rebuild target 'LPC1768_FLASH'
assembling startup_LPC17xx.s...
compiling GLCD_SPI_LPC1700.c...
compiling system_LPC17xx.c...
compiling main.c...
linking...
Program Size: Code=4358 RO-data=6526 RW-data=92 ZI-data=692  
"a2.axf" - 0 Error(s), 0 Warning(s).
Load "N:\\ece455\\A2\\a2.AXF" 
Erase Done.
Programming Done.
Verify OK.
Rebuild target 'LPC1768_FLASH'
assembling startup_LPC17xx.s...
compiling GLCD_SPI_LPC1700.c...
compiling system_LPC17xx.c...
compiling main.c...
linking...
Program Size: Code=4350 RO-data=6526 RW-data=92 ZI-data=692  
"a2.axf" - 0 Error(s), 0 Warning(s).
Load "N:\\ece455\\A2\\a2.AXF" 
Erase Done.
Programming Done.
Verify OK.
Rebuild target 'LPC1768_FLASH'
assembling startup_LPC17xx.s...
compiling GLCD_SPI_LPC1700.c...
compiling system_LPC17xx.c...
compiling main.c...
linking...
Program Size: Code=4350 RO-data=6526 RW-data=92 ZI-data=692  
"a2.axf" - 0 Error(s), 0 Warning(s).
Load "N:\\ece455\\A2\\a2.AXF" 
Erase Done.
Programming Done.
Verify OK.
Rebuild target 'LPC1768_FLASH'
assembling startup_LPC17xx.s...
compiling GLCD_SPI_LPC1700.c...
compiling system_LPC17xx.c...
compiling main.c...
linking...
Program Size: Code=4350 RO-data=6526 RW-data=92 ZI-data=692  
"a2.axf" - 0 Error(s), 0 Warning(s).
Load "N:\\ece455\\A2\\a2.AXF" 
Erase Done.
Programming Done.
Verify OK.
Rebuild target 'LPC1768_FLASH'
assembling startup_LPC17xx.s...
compiling GLCD_SPI_LPC1700.c...
compiling system_LPC17xx.c...
compiling main.c...
linking...
Program Size: Code=4346 RO-data=6526 RW-data=92 ZI-data=692  
"a2.axf" - 0 Error(s), 0 Warning(s).
Load "N:\\ece455\\A2\\a2.AXF" 
Erase Done.
Programming Done.
Verify OK.
Rebuild target 'LPC1768_FLASH'
assembling startup_LPC17xx.s...
compiling GLCD_SPI_LPC1700.c...
compiling system_LPC17xx.c...
compiling main.c...
linking...
Program Size: Code=4350 RO-data=6526 RW-data=92 ZI-data=692  
"a2.axf" - 0 Error(s), 0 Warning(s).
Load "N:\\ece455\\A2\\a2.AXF" 
Erase Done.
Programming Done.
Verify OK.
Rebuild target 'LPC1768_FLASH'
assembling startup_LPC17xx.s...
compiling GLCD_SPI_LPC1700.c...
compiling system_LPC17xx.c...
compiling main.c...
linking...
Program Size: Code=4350 RO-data=6526 RW-data=92 ZI-data=692  
"a2.axf" - 0 Error(s), 0 Warning(s).
Load "N:\\ece455\\A2\\a2.AXF" 
Erase Done.
Programming Done.
Verify OK.
Rebuild target 'LPC1768_FLASH'
assembling startup_LPC17xx.s...
compiling GLCD_SPI_LPC1700.c...
compiling system_LPC17xx.c...
compiling main.c...
linking...
Program Size: Code=4330 RO-data=6526 RW-data=92 ZI-data=692  
"a2.axf" - 0 Error(s), 0 Warning(s).
Load "N:\\ece455\\A2\\a2.AXF" 
Erase Done.
Programming Done.
Verify OK.
Rebuild target 'LPC1768_FLASH'
assembling startup_LPC17xx.s...
compiling GLCD_SPI_LPC1700.c...
compiling system_LPC17xx.c...
compiling main.c...
linking...
Program Size: Code=4350 RO-data=6526 RW-data=92 ZI-data=692  
"a2.axf" - 0 Error(s), 0 Warning(s).
Load "N:\\ece455\\A2\\a2.AXF" 
Erase Done.
Programming Done.
Verify OK.
Rebuild target 'LPC1768_FLASH'
assembling startup_LPC17xx.s...
compiling GLCD_SPI_LPC1700.c...
compiling system_LPC17xx.c...
compiling main.c...
linking...
Program Size: Code=4342 RO-data=6526 RW-data=92 ZI-data=692  
"a2.axf" - 0 Error(s), 0 Warning(s).
Load "N:\\ece455\\A2\\a2.AXF" 
Erase Done.
Programming Done.
Verify OK.
Rebuild target 'LPC1768_FLASH'
assembling startup_LPC17xx.s...
compiling GLCD_SPI_LPC1700.c...
compiling system_LPC17xx.c...
compiling main.c...
linking...
Program Size: Code=4342 RO-data=6526 RW-data=92 ZI-data=692  
"a2.axf" - 0 Error(s), 0 Warning(s).
Rebuild target 'LPC1768_FLASH'
assembling startup_LPC17xx.s...
compiling GLCD_SPI_LPC1700.c...
compiling system_LPC17xx.c...
compiling main.c...
linking...
Program Size: Code=4354 RO-data=6526 RW-data=92 ZI-data=692  
"a2.axf" - 0 Error(s), 0 Warning(s).
Load "N:\\ece455\\A2\\a2.AXF" 
Erase Done.
Programming Done.
Verify OK.
Rebuild target 'LPC1768_FLASH'
assembling startup_LPC17xx.s...
compiling GLCD_SPI_LPC1700.c...
compiling system_LPC17xx.c...
compiling main.c...
linking...
Program Size: Code=4354 RO-data=6526 RW-data=92 ZI-data=692  
"a2.axf" - 0 Error(s), 0 Warning(s).
Load "N:\\ece455\\A2\\a2.AXF" 
Erase Done.
Programming Done.
Verify OK.
Rebuild target 'LPC1768_FLASH'
assembling startup_LPC17xx.s...
compiling GLCD_SPI_LPC1700.c...
compiling system_LPC17xx.c...
compiling main.c...
linking...
Program Size: Code=4354 RO-data=6526 RW-data=92 ZI-data=692  
"a2.axf" - 0 Error(s), 0 Warning(s).
Load "N:\\ece455\\A2\\a2.AXF" 
Erase Done.
Programming Done.
Verify OK.
Rebuild target 'LPC1768_FLASH'
assembling startup_LPC17xx.s...
compiling GLCD_SPI_LPC1700.c...
compiling system_LPC17xx.c...
compiling main.c...
linking...
Program Size: Code=4354 RO-data=6526 RW-data=92 ZI-data=692  
"a2.axf" - 0 Error(s), 0 Warning(s).
Load "N:\\ece455\\A2\\a2.AXF" 
Erase Done.
Programming Done.
Verify OK.
Build target 'LPC1768_FLASH'
compiling main.c...
linking...
Program Size: Code=4314 RO-data=6526 RW-data=92 ZI-data=692  
"a2.axf" - 0 Error(s), 0 Warning(s).
Rebuild target 'LPC1768_FLASH'
assembling startup_LPC17xx.s...
compiling GLCD_SPI_LPC1700.c...
compiling system_LPC17xx.c...
compiling main.c...
linking...
Program Size: Code=4314 RO-data=6526 RW-data=92 ZI-data=692  
"a2.axf" - 0 Error(s), 0 Warning(s).
Load "N:\\ece455\\A2\\a2.AXF" 
Erase Done.
Programming Done.
Verify OK.
Rebuild target 'LPC1768_FLASH'
assembling startup_LPC17xx.s...
compiling GLCD_SPI_LPC1700.c...
compiling system_LPC17xx.c...
compiling main.c...
linking...
Program Size: Code=4358 RO-data=6526 RW-data=92 ZI-data=692  
"a2.axf" - 0 Error(s), 0 Warning(s).
Load "N:\\ece455\\A2\\a2.AXF" 
Erase Done.
Programming Done.
Verify OK.
Rebuild target 'LPC1768_FLASH'
assembling startup_LPC17xx.s...
compiling GLCD_SPI_LPC1700.c...
compiling system_LPC17xx.c...
compiling main.c...
linking...
Program Size: Code=4374 RO-data=6526 RW-data=92 ZI-data=692  
"a2.axf" - 0 Error(s), 0 Warning(s).
Load "N:\\ece455\\A2\\a2.AXF" 
Erase Done.
Programming Done.
Verify OK.
Rebuild target 'LPC1768_FLASH'
assembling startup_LPC17xx.s...
compiling GLCD_SPI_LPC1700.c...
compiling system_LPC17xx.c...
compiling main.c...
linking...
Program Size: Code=4370 RO-data=6526 RW-data=92 ZI-data=692  
"a2.axf" - 0 Error(s), 0 Warning(s).
Load "N:\\ece455\\A2\\a2.AXF" 
Erase Done.
Programming Done.
Verify OK.
Rebuild target 'LPC1768_FLASH'
assembling startup_LPC17xx.s...
compiling GLCD_SPI_LPC1700.c...
compiling system_LPC17xx.c...
compiling main.c...
linking...
Program Size: Code=4374 RO-data=6526 RW-data=92 ZI-data=692  
"a2.axf" - 0 Error(s), 0 Warning(s).
Load "N:\\ece455\\A2\\a2.AXF" 
Erase Done.
Programming Done.
Verify OK.
Rebuild target 'LPC1768_FLASH'
assembling startup_LPC17xx.s...
compiling GLCD_SPI_LPC1700.c...
compiling system_LPC17xx.c...
compiling main.c...
linking...
Program Size: Code=4386 RO-data=6526 RW-data=92 ZI-data=692  
"a2.axf" - 0 Error(s), 0 Warning(s).
Load "N:\\ece455\\A2\\a2.AXF" 
Erase Done.
Programming Done.
Verify OK.
Rebuild target 'LPC1768_FLASH'
assembling startup_LPC17xx.s...
compiling GLCD_SPI_LPC1700.c...
compiling system_LPC17xx.c...
compiling main.c...
linking...
Program Size: Code=4394 RO-data=6526 RW-data=92 ZI-data=692  
"a2.axf" - 0 Error(s), 0 Warning(s).
Load "N:\\ece455\\A2\\a2.AXF" 
Erase Done.
Programming Done.
Verify OK.
Rebuild target 'LPC1768_FLASH'
assembling startup_LPC17xx.s...
compiling GLCD_SPI_LPC1700.c...
compiling system_LPC17xx.c...
compiling main.c...
linking...
Program Size: Code=4374 RO-data=6526 RW-data=92 ZI-data=692  
"a2.axf" - 0 Error(s), 0 Warning(s).
Load "N:\\ece455\\A2\\a2.AXF" 
Erase Done.
Programming Done.
Verify OK.
Rebuild target 'LPC1768_FLASH'
assembling startup_LPC17xx.s...
compiling GLCD_SPI_LPC1700.c...
compiling system_LPC17xx.c...
compiling main.c...
linking...
Program Size: Code=4382 RO-data=6526 RW-data=92 ZI-data=692  
"a2.axf" - 0 Error(s), 0 Warning(s).
Load "N:\\ece455\\A2\\a2.AXF" 
Erase Done.
Programming Done.
Verify OK.
Rebuild target 'LPC1768_FLASH'
assembling startup_LPC17xx.s...
compiling GLCD_SPI_LPC1700.c...
compiling system_LPC17xx.c...
compiling main.c...
linking...
Program Size: Code=4374 RO-data=6526 RW-data=92 ZI-data=692  
"a2.axf" - 0 Error(s), 0 Warning(s).
Load "N:\\ece455\\A2\\a2.AXF" 
Erase Done.
Programming Done.
Verify OK.
Rebuild target 'LPC1768_FLASH'
assembling startup_LPC17xx.s...
compiling GLCD_SPI_LPC1700.c...
compiling system_LPC17xx.c...
compiling main.c...
linking...
Program Size: Code=4374 RO-data=6526 RW-data=92 ZI-data=692  
"a2.axf" - 0 Error(s), 0 Warning(s).
Load "N:\\ece455\\A2\\a2.AXF" 
Erase Done.
Programming Done.
Verify OK.
Rebuild target 'LPC1768_FLASH'
assembling startup_LPC17xx.s...
compiling GLCD_SPI_LPC1700.c...
compiling system_LPC17xx.c...
compiling main.c...
linking...
Program Size: Code=4374 RO-data=6526 RW-data=92 ZI-data=692  
"a2.axf" - 0 Error(s), 0 Warning(s).
Load "N:\\ece455\\A2\\a2.AXF" 
Erase Done.
Programming Done.
Verify OK.
Rebuild target 'LPC1768_FLASH'
assembling startup_LPC17xx.s...
compiling GLCD_SPI_LPC1700.c...
compiling system_LPC17xx.c...
compiling main.c...
linking...
Program Size: Code=4370 RO-data=6526 RW-data=92 ZI-data=692  
"a2.axf" - 0 Error(s), 0 Warning(s).
Load "N:\\ece455\\A2\\a2.AXF" 
Erase Done.
Programming Done.
Verify OK.
Rebuild target 'LPC1768_FLASH'
assembling startup_LPC17xx.s...
compiling GLCD_SPI_LPC1700.c...
compiling system_LPC17xx.c...
compiling main.c...
linking...
Program Size: Code=4362 RO-data=6526 RW-data=92 ZI-data=692  
"a2.axf" - 0 Error(s), 0 Warning(s).
Load "N:\\ece455\\A2\\a2.AXF" 
Erase Done.
Programming Done.
Verify OK.
Rebuild target 'LPC1768_FLASH'
assembling startup_LPC17xx.s...
compiling GLCD_SPI_LPC1700.c...
compiling system_LPC17xx.c...
compiling main.c...
linking...
Program Size: Code=4378 RO-data=6526 RW-data=92 ZI-data=692  
"a2.axf" - 0 Error(s), 0 Warning(s).
Load "N:\\ece455\\A2\\a2.AXF" 
Erase Done.
Programming Done.
Verify OK.
Rebuild target 'LPC1768_FLASH'
assembling startup_LPC17xx.s...
compiling GLCD_SPI_LPC1700.c...
compiling system_LPC17xx.c...
compiling main.c...
linking...
Program Size: Code=4374 RO-data=6526 RW-data=92 ZI-data=692  
"a2.axf" - 0 Error(s), 0 Warning(s).
Load "N:\\ece455\\A2\\a2.AXF" 
Erase Done.
Programming Done.
Verify OK.
Rebuild target 'LPC1768_FLASH'
assembling startup_LPC17xx.s...
compiling GLCD_SPI_LPC1700.c...
compiling system_LPC17xx.c...
compiling main.c...
linking...
Program Size: Code=4378 RO-data=6526 RW-data=92 ZI-data=692  
"a2.axf" - 0 Error(s), 0 Warning(s).
Load "N:\\ece455\\A2\\a2.AXF" 
Erase Done.
Programming Done.
Verify OK.
Rebuild target 'LPC1768_FLASH'
assembling startup_LPC17xx.s...
compiling GLCD_SPI_LPC1700.c...
compiling system_LPC17xx.c...
compiling main.c...
main.c(118): error:  #268: declaration may not appear after executable statement in block
main.c(118): error:  #67: expected a "}"
Target not created
Rebuild target 'LPC1768_FLASH'
assembling startup_LPC17xx.s...
compiling GLCD_SPI_LPC1700.c...
compiling system_LPC17xx.c...
compiling main.c...
linking...
Program Size: Code=4394 RO-data=6526 RW-data=92 ZI-data=692  
"a2.axf" - 0 Error(s), 0 Warning(s).
Load "N:\\ece455\\A2\\a2.AXF" 
Erase Done.
Programming Done.
Verify OK.
Rebuild target 'LPC1768_FLASH'
assembling startup_LPC17xx.s...
compiling GLCD_SPI_LPC1700.c...
compiling system_LPC17xx.c...
compiling main.c...
linking...
Program Size: Code=4394 RO-data=6526 RW-data=92 ZI-data=692  
"a2.axf" - 0 Error(s), 0 Warning(s).
Load "N:\\ece455\\A2\\a2.AXF" 
Erase Done.
Programming Done.
Verify OK.
Rebuild target 'LPC1768_FLASH'
assembling startup_LPC17xx.s...
compiling GLCD_SPI_LPC1700.c...
compiling system_LPC17xx.c...
compiling main.c...
linking...
Program Size: Code=4394 RO-data=6526 RW-data=92 ZI-data=692  
"a2.axf" - 0 Error(s), 0 Warning(s).
Load "N:\\ece455\\A2\\a2.AXF" 
Erase Done.
Programming Done.
Verify OK.
Rebuild target 'LPC1768_FLASH'
assembling startup_LPC17xx.s...
compiling GLCD_SPI_LPC1700.c...
compiling system_LPC17xx.c...
compiling main.c...
linking...
Program Size: Code=4394 RO-data=6526 RW-data=92 ZI-data=692  
"a2.axf" - 0 Error(s), 0 Warning(s).
Load "N:\\ece455\\A2\\a2.AXF" 
Erase Done.
Programming Done.
Verify OK.
Rebuild target 'LPC1768_FLASH'
assembling startup_LPC17xx.s...
compiling GLCD_SPI_LPC1700.c...
compiling system_LPC17xx.c...
compiling main.c...
linking...
Program Size: Code=4366 RO-data=6526 RW-data=92 ZI-data=692  
"a2.axf" - 0 Error(s), 0 Warning(s).
Load "N:\\ece455\\A2\\a2.AXF" 
Erase Done.
Programming Done.
Verify OK.
Rebuild target 'LPC1768_FLASH'
assembling startup_LPC17xx.s...
compiling GLCD_SPI_LPC1700.c...
compiling system_LPC17xx.c...
compiling main.c...
linking...
Program Size: Code=4374 RO-data=6526 RW-data=92 ZI-data=692  
"a2.axf" - 0 Error(s), 0 Warning(s).
Load "N:\\ece455\\A2\\a2.AXF" 
Erase Done.
Programming Done.
Verify OK.
Rebuild target 'LPC1768_FLASH'
assembling startup_LPC17xx.s...
compiling GLCD_SPI_LPC1700.c...
compiling system_LPC17xx.c...
compiling main.c...
linking...
Program Size: Code=4342 RO-data=6526 RW-data=92 ZI-data=692  
"a2.axf" - 0 Error(s), 0 Warning(s).
Load "N:\\ece455\\A2\\a2.AXF" 
Erase Done.
Programming Done.
Verify OK.
Rebuild target 'LPC1768_FLASH'
assembling startup_LPC17xx.s...
compiling GLCD_SPI_LPC1700.c...
compiling system_LPC17xx.c...
compiling main.c...
linking...
Program Size: Code=4346 RO-data=6526 RW-data=92 ZI-data=692  
"a2.axf" - 0 Error(s), 0 Warning(s).
Load "N:\\ece455\\A2\\a2.AXF" 
Erase Done.
Programming Done.
Verify OK.
Rebuild target 'LPC1768_FLASH'
assembling startup_LPC17xx.s...
compiling GLCD_SPI_LPC1700.c...
compiling system_LPC17xx.c...
compiling main.c...
linking...
Program Size: Code=4342 RO-data=6526 RW-data=92 ZI-data=692  
"a2.axf" - 0 Error(s), 0 Warning(s).
Load "N:\\ece455\\A2\\a2.AXF" 
Erase Done.
Programming Done.
Verify OK.
Rebuild target 'LPC1768_FLASH'
assembling startup_LPC17xx.s...
compiling GLCD_SPI_LPC1700.c...
compiling system_LPC17xx.c...
compiling main.c...
linking...
Program Size: Code=4350 RO-data=6526 RW-data=92 ZI-data=692  
"a2.axf" - 0 Error(s), 0 Warning(s).
Load "N:\\ece455\\A2\\a2.AXF" 
Erase Done.
Programming Done.
Verify OK.
Rebuild target 'LPC1768_FLASH'
assembling startup_LPC17xx.s...
compiling GLCD_SPI_LPC1700.c...
compiling system_LPC17xx.c...
compiling main.c...
linking...
Program Size: Code=4358 RO-data=6526 RW-data=92 ZI-data=692  
"a2.axf" - 0 Error(s), 0 Warning(s).
Load "N:\\ece455\\A2\\a2.AXF" 
Erase Done.
Programming Done.
Verify OK.
Rebuild target 'LPC1768_FLASH'
assembling startup_LPC17xx.s...
compiling GLCD_SPI_LPC1700.c...
compiling system_LPC17xx.c...
compiling main.c...
linking...
Program Size: Code=4370 RO-data=6526 RW-data=92 ZI-data=692  
"a2.axf" - 0 Error(s), 0 Warning(s).
Load "N:\\ece455\\A2\\a2.AXF" 
Erase Done.
Programming Done.
Verify OK.
Rebuild target 'LPC1768_FLASH'
assembling startup_LPC17xx.s...
compiling GLCD_SPI_LPC1700.c...
compiling system_LPC17xx.c...
compiling main.c...
linking...
Program Size: Code=4370 RO-data=6526 RW-data=92 ZI-data=692  
"a2.axf" - 0 Error(s), 0 Warning(s).
Load "N:\\ece455\\A2\\a2.AXF" 
Erase Done.
Programming Done.
Verify OK.
Rebuild target 'LPC1768_FLASH'
assembling startup_LPC17xx.s...
compiling GLCD_SPI_LPC1700.c...
compiling system_LPC17xx.c...
compiling main.c...
linking...
Program Size: Code=4370 RO-data=6526 RW-data=92 ZI-data=692  
"a2.axf" - 0 Error(s), 0 Warning(s).
Load "N:\\ece455\\A2\\a2.AXF" 
Erase Done.
Programming Done.
Verify OK.
Rebuild target 'LPC1768_FLASH'
assembling startup_LPC17xx.s...
compiling GLCD_SPI_LPC1700.c...
compiling system_LPC17xx.c...
compiling main.c...
linking...
Program Size: Code=4374 RO-data=6526 RW-data=92 ZI-data=692  
"a2.axf" - 0 Error(s), 0 Warning(s).
Load "N:\\ece455\\A2\\a2.AXF" 
Erase Done.
Programming Done.
Verify OK.
