<html>
<body>
<pre>
<h1>µVision Build Log</h1>
<h2>Project:</h2>
N:\ECE455-new\ece455\A3-bursty\a3.uvproj
Project File Date:  07/01/2015

<h2>Output:</h2>
Rebuild target 'Target 1'
assembling startup_LPC17xx.s...
compiling GLCD_SPI_LPC1700.c...
compiling main.c...
compiling system_LPC17xx.c...
linking...
Program Size: Code=4342 RO-data=6526 RW-data=56 ZI-data=816  
"a3.axf" - 0 Error(s), 0 Warning(s).
Build target 'Target 1'
compiling main.c...
linking...
Program Size: Code=4358 RO-data=6526 RW-data=60 ZI-data=820  
"a3.axf" - 0 Error(s), 0 Warning(s).
Load "N:\\ECE455-new\\ece455\\A3-bursty\\a3.AXF" 
Erase Done.
Programming Done.
Verify OK.
Build target 'Target 1'
compiling main.c...
linking...
Program Size: Code=4358 RO-data=6526 RW-data=60 ZI-data=820  
"a3.axf" - 0 Error(s), 0 Warning(s).
Load "N:\\ECE455-new\\ece455\\A3-bursty\\a3.AXF" 
Erase Done.
Programming Done.
Verify OK.
Build target 'Target 1'
compiling main.c...
linking...
Program Size: Code=4370 RO-data=6526 RW-data=60 ZI-data=820  
"a3.axf" - 0 Error(s), 0 Warning(s).
Load "N:\\ECE455-new\\ece455\\A3-bursty\\a3.AXF" 
Erase Done.
Programming Done.
Verify OK.
