<html>
<body>
<pre>
<h1>µVision Build Log</h1>
<h2>Project:</h2>
N:\ece455\A1-sw\lab1.uvproj
Project File Date:  05/22/2015

<h2>Output:</h2>
Build target 'LPC1768 Flash'
compiling main.c...
linking...
Program Size: Code=3020 RO-data=6604 RW-data=12 ZI-data=612  
"lab1.axf" - 0 Error(s), 0 Warning(s).
Load "N:\\ece455\\A1-sw\\lab1.AXF" 
Erase Done.
Programming Done.
Verify OK.
Build target 'LPC1768 Flash'
compiling main.c...
main.c(27): warning:  #223-D: function "sprintf" declared implicitly
main.c(27): error:  #20: identifier "time" is undefined
Target not created
Build target 'LPC1768 Flash'
compiling main.c...
main.c(15): error:  #20: identifier "time" is undefined
main.c(33): warning:  #140-D: too many arguments in function call
Target not created
Build target 'LPC1768 Flash'
compiling main.c...
main.c(15): error:  #20: identifier "time" is undefined
Target not created
Build target 'LPC1768 Flash'
compiling main.c...
linking...
Program Size: Code=3938 RO-data=6526 RW-data=16 ZI-data=608  
"lab1.axf" - 0 Error(s), 0 Warning(s).
Load "N:\\ece455\\A1-sw\\lab1.AXF" 
Erase Done.
Programming Done.
Verify OK.
Build target 'LPC1768 Flash'
compiling main.c...
linking...
Program Size: Code=3938 RO-data=6526 RW-data=16 ZI-data=608  
"lab1.axf" - 0 Error(s), 0 Warning(s).
Load "N:\\ece455\\A1-sw\\lab1.AXF" 
Erase Done.
Programming Done.
Verify OK.
Build target 'LPC1768 Flash'
compiling main.c...
main.c(9): error:  #40: expected an identifier
main.c(9): error:  #65: expected a ";"
main.c(17): error:  #20: identifier "time" is undefined
Target not created
Build target 'LPC1768 Flash'
compiling main.c...
linking...
Program Size: Code=3940 RO-data=6528 RW-data=16 ZI-data=608  
"lab1.axf" - 0 Error(s), 0 Warning(s).
Load "N:\\ece455\\A1-sw\\lab1.AXF" 
Erase Done.
Programming Done.
Verify OK.
