<html>
<body>
<pre>
<h1>µVision Build Log</h1>
<h2>Project:</h2>
N:\ece455\A1-sw\lab1.uvproj
Project File Date:  05/22/2015

<h2>Output:</h2>
Build target 'LPC1768 Flash'
compiling main.c...
linking...
Program Size: Code=4022 RO-data=6526 RW-data=16 ZI-data=608  
"lab1.axf" - 0 Error(s), 0 Warning(s).
Load "N:\\ece455\\A1-sw\\lab1.AXF" 
Erase Done.
Programming Done.
Verify OK.
Build target 'LPC1768 Flash'
compiling main.c...
linking...
Program Size: Code=4010 RO-data=6526 RW-data=28 ZI-data=612  
"lab1.axf" - 0 Error(s), 0 Warning(s).
Load "N:\\ece455\\A1-sw\\lab1.AXF" 
Erase Done.
Programming Done.
Verify OK.
Build target 'LPC1768 Flash'
compiling main.c...
linking...
Program Size: Code=4010 RO-data=6526 RW-data=28 ZI-data=612  
"lab1.axf" - 0 Error(s), 0 Warning(s).
Build target 'LPC1768 Flash'
compiling main.c...
linking...
Program Size: Code=4012 RO-data=6528 RW-data=32 ZI-data=608  
"lab1.axf" - 0 Error(s), 0 Warning(s).
Load "N:\\ece455\\A1-sw\\lab1.AXF" 
Erase Done.
Programming Done.
Verify OK.
Build target 'LPC1768 Flash'
compiling main.c...
linking...
Program Size: Code=4024 RO-data=6528 RW-data=32 ZI-data=608  
"lab1.axf" - 0 Error(s), 0 Warning(s).
Build target 'LPC1768 Flash'
compiling main.c...
linking...
Program Size: Code=4016 RO-data=6528 RW-data=32 ZI-data=608  
"lab1.axf" - 0 Error(s), 0 Warning(s).
Load "N:\\ece455\\A1-sw\\lab1.AXF" 
Erase Done.
Programming Done.
Verify OK.
Build target 'LPC1768 Flash'
compiling main.c...
linking...
Program Size: Code=4024 RO-data=6528 RW-data=32 ZI-data=608  
"lab1.axf" - 0 Error(s), 0 Warning(s).
Build target 'LPC1768 Flash'
compiling main.c...
linking...
Program Size: Code=4024 RO-data=6528 RW-data=32 ZI-data=608  
"lab1.axf" - 0 Error(s), 0 Warning(s).
Load "N:\\ece455\\A1-sw\\lab1.AXF" 
Erase Done.
Programming Done.
Verify OK.
