<html>
<body>
<pre>
<h1>µVision Build Log</h1>
<h2>Project:</h2>
N:\ECE455-new\ece455\A3\a3.uvproj
Project File Date:  07/01/2015

<h2>Output:</h2>
Build target 'Target 1'
compiling GLCD_SPI_LPC1700.c...
compiling main.c...
compiling system_LPC17xx.c...
linking...
Program Size: Code=4506 RO-data=6526 RW-data=56 ZI-data=688  
"a3.axf" - 0 Error(s), 0 Warning(s).
Rebuild target 'Target 1'
assembling startup_LPC17xx.s...
compiling GLCD_SPI_LPC1700.c...
compiling main.c...
compiling system_LPC17xx.c...
linking...
Program Size: Code=4506 RO-data=6526 RW-data=56 ZI-data=688  
"a3.axf" - 0 Error(s), 0 Warning(s).
Load "N:\\ECE455-new\\ece455\\A3\\a3.AXF" 
Erase Done.
Programming Done.
Verify OK.
Rebuild target 'Target 1'
assembling startup_LPC17xx.s...
compiling GLCD_SPI_LPC1700.c...
compiling main.c...
main.c(42): warning:  #177-D: variable "noise_counter" was declared but never referenced
main.c(83): error:  #20: identifier "current_state" is undefined
main.c(86): error:  #20: identifier "true" is undefined
compiling system_LPC17xx.c...
Target not created
Rebuild target 'Target 1'
assembling startup_LPC17xx.s...
compiling GLCD_SPI_LPC1700.c...
compiling main.c...
main.c(88): error:  #20: identifier "curr_state" is undefined
compiling system_LPC17xx.c...
Target not created
Rebuild target 'Target 1'
assembling startup_LPC17xx.s...
compiling GLCD_SPI_LPC1700.c...
compiling main.c...
compiling system_LPC17xx.c...
linking...
Program Size: Code=4190 RO-data=6526 RW-data=32 ZI-data=688  
"a3.axf" - 0 Error(s), 0 Warning(s).
Load "N:\\ECE455-new\\ece455\\A3\\a3.AXF" 
Erase Done.
Programming Done.
Verify OK.
Rebuild target 'Target 1'
assembling startup_LPC17xx.s...
compiling GLCD_SPI_LPC1700.c...
compiling main.c...
compiling system_LPC17xx.c...
linking...
Program Size: Code=4174 RO-data=6526 RW-data=32 ZI-data=688  
"a3.axf" - 0 Error(s), 0 Warning(s).
Load "N:\\ECE455-new\\ece455\\A3\\a3.AXF" 
Erase Done.
Programming Done.
Verify OK.
Rebuild target 'Target 1'
assembling startup_LPC17xx.s...
compiling GLCD_SPI_LPC1700.c...
compiling main.c...
compiling system_LPC17xx.c...
linking...
Program Size: Code=4166 RO-data=6526 RW-data=32 ZI-data=688  
"a3.axf" - 0 Error(s), 0 Warning(s).
Load "N:\\ECE455-new\\ece455\\A3\\a3.AXF" 
Erase Done.
Programming Done.
Verify OK.
Rebuild target 'Target 1'
assembling startup_LPC17xx.s...
compiling GLCD_SPI_LPC1700.c...
compiling main.c...
main.c(22): error:  #20: identifier "U8" is undefined
main.c(66): error:  #20: identifier "mask" is undefined
main.c(67): error:  #20: identifier "led" is undefined
compiling system_LPC17xx.c...
Target not created
Rebuild target 'Target 1'
assembling startup_LPC17xx.s...
compiling GLCD_SPI_LPC1700.c...
compiling main.c...
main.c(66): error:  #268: declaration may not appear after executable statement in block
compiling system_LPC17xx.c...
Target not created
Rebuild target 'Target 1'
assembling startup_LPC17xx.s...
compiling GLCD_SPI_LPC1700.c...
compiling main.c...
main.c(68): error:  #20: identifier "mask" is undefined
compiling system_LPC17xx.c...
Target not created
Rebuild target 'Target 1'
assembling startup_LPC17xx.s...
compiling GLCD_SPI_LPC1700.c...
compiling main.c...
compiling system_LPC17xx.c...
linking...
Program Size: Code=4218 RO-data=6534 RW-data=56 ZI-data=688  
"a3.axf" - 0 Error(s), 0 Warning(s).
Load "N:\\ECE455-new\\ece455\\A3\\a3.AXF" 
Erase Done.
Programming Done.
Verify OK.
Rebuild target 'Target 1'
assembling startup_LPC17xx.s...
compiling GLCD_SPI_LPC1700.c...
compiling main.c...
compiling system_LPC17xx.c...
linking...
Program Size: Code=4226 RO-data=6534 RW-data=56 ZI-data=688  
"a3.axf" - 0 Error(s), 0 Warning(s).
Load "N:\\ECE455-new\\ece455\\A3\\a3.AXF" 
Erase Done.
Programming Done.
Verify OK.
Rebuild target 'Target 1'
assembling startup_LPC17xx.s...
compiling GLCD_SPI_LPC1700.c...
compiling main.c...
compiling system_LPC17xx.c...
linking...
Program Size: Code=4226 RO-data=6534 RW-data=56 ZI-data=688  
"a3.axf" - 0 Error(s), 0 Warning(s).
Load "N:\\ECE455-new\\ece455\\A3\\a3.AXF" 
Erase Done.
Programming Done.
Verify OK.
Rebuild target 'Target 1'
assembling startup_LPC17xx.s...
compiling GLCD_SPI_LPC1700.c...
compiling main.c...
compiling system_LPC17xx.c...
linking...
Program Size: Code=4246 RO-data=6534 RW-data=56 ZI-data=688  
"a3.axf" - 0 Error(s), 0 Warning(s).
Load "N:\\ECE455-new\\ece455\\A3\\a3.AXF" 
Erase Done.
Programming Done.
Verify OK.
Rebuild target 'Target 1'
assembling startup_LPC17xx.s...
compiling GLCD_SPI_LPC1700.c...
compiling main.c...
compiling system_LPC17xx.c...
linking...
Program Size: Code=4246 RO-data=6534 RW-data=56 ZI-data=688  
"a3.axf" - 0 Error(s), 0 Warning(s).
Rebuild target 'Target 1'
assembling startup_LPC17xx.s...
compiling GLCD_SPI_LPC1700.c...
compiling main.c...
compiling system_LPC17xx.c...
linking...
Program Size: Code=4246 RO-data=6534 RW-data=56 ZI-data=688  
"a3.axf" - 0 Error(s), 0 Warning(s).
Load "N:\\ECE455-new\\ece455\\A3\\a3.AXF" 
Erase Done.
Programming Done.
Verify OK.
Rebuild target 'Target 1'
assembling startup_LPC17xx.s...
compiling GLCD_SPI_LPC1700.c...
compiling main.c...
main.c(56): error:  #137: expression must be a modifiable lvalue
main.c(73): error:  #137: expression must be a modifiable lvalue
compiling system_LPC17xx.c...
Target not created
Rebuild target 'Target 1'
assembling startup_LPC17xx.s...
compiling GLCD_SPI_LPC1700.c...
compiling main.c...
compiling system_LPC17xx.c...
linking...
Program Size: Code=4250 RO-data=6534 RW-data=56 ZI-data=688  
"a3.axf" - 0 Error(s), 0 Warning(s).
Load "N:\\ECE455-new\\ece455\\A3\\a3.AXF" 
Erase Done.
Programming Done.
Verify OK.
Rebuild target 'Target 1'
assembling startup_LPC17xx.s...
compiling GLCD_SPI_LPC1700.c...
compiling main.c...
compiling system_LPC17xx.c...
linking...
Program Size: Code=4250 RO-data=6534 RW-data=56 ZI-data=688  
"a3.axf" - 0 Error(s), 0 Warning(s).
Load "N:\\ECE455-new\\ece455\\A3\\a3.AXF" 
Erase Done.
Programming Done.
Verify OK.
Rebuild target 'Target 1'
assembling startup_LPC17xx.s...
compiling GLCD_SPI_LPC1700.c...
compiling main.c...
compiling system_LPC17xx.c...
linking...
Program Size: Code=4246 RO-data=6534 RW-data=56 ZI-data=688  
"a3.axf" - 0 Error(s), 0 Warning(s).
Load "N:\\ECE455-new\\ece455\\A3\\a3.AXF" 
Erase Done.
Programming Done.
Verify OK.
Build target 'Target 1'
compiling main.c...
main.c(70): error:  #20: identifier "led_mask" is undefined
main.c(70): error:  #20: identifier "led_pos" is undefined
Target not created
Build target 'Target 1'
compiling main.c...
linking...
Program Size: Code=4198 RO-data=6526 RW-data=52 ZI-data=692  
"a3.axf" - 0 Error(s), 0 Warning(s).
Load "N:\\ECE455-new\\ece455\\A3\\a3.AXF" 
Erase Done.
Programming Done.
Verify OK.
Build target 'Target 1'
compiling main.c...
linking...
Program Size: Code=4202 RO-data=6526 RW-data=52 ZI-data=692  
"a3.axf" - 0 Error(s), 0 Warning(s).
Load "N:\\ECE455-new\\ece455\\A3\\a3.AXF" 
Erase Done.
Programming Done.
Verify OK.
Build target 'Target 1'
compiling main.c...
linking...
Program Size: Code=4210 RO-data=6526 RW-data=52 ZI-data=692  
"a3.axf" - 0 Error(s), 0 Warning(s).
Load "N:\\ECE455-new\\ece455\\A3\\a3.AXF" 
Erase Done.
Programming Done.
Verify OK.
Build target 'Target 1'
compiling main.c...
main.c(106): error:  #29: expected an expression
main.c(106): error:  #20: identifier "i" is undefined
Target not created
Build target 'Target 1'
compiling main.c...
main.c(100): error:  #268: declaration may not appear after executable statement in block
Target not created
Build target 'Target 1'
compiling main.c...
main.c(95): error:  #268: declaration may not appear after executable statement in block
Target not created
Build target 'Target 1'
compiling main.c...
main.c(108): error:  #20: identifier "i" is undefined
Target not created
Build target 'Target 1'
compiling main.c...
linking...
Program Size: Code=4242 RO-data=6526 RW-data=56 ZI-data=688  
"a3.axf" - 0 Error(s), 0 Warning(s).
Load "N:\\ECE455-new\\ece455\\A3\\a3.AXF" 
Erase Done.
Programming Done.
Verify OK.
Build target 'Target 1'
compiling main.c...
linking...
Program Size: Code=4250 RO-data=6526 RW-data=56 ZI-data=688  
"a3.axf" - 0 Error(s), 0 Warning(s).
Load "N:\\ECE455-new\\ece455\\A3\\a3.AXF" 
Erase Done.
Programming Done.
Verify OK.
Build target 'Target 1'
compiling main.c...
linking...
Program Size: Code=4246 RO-data=6526 RW-data=56 ZI-data=688  
"a3.axf" - 0 Error(s), 0 Warning(s).
Load "N:\\ECE455-new\\ece455\\A3\\a3.AXF" 
Erase Done.
Programming Done.
Verify OK.
Build target 'Target 1'
compiling main.c...
linking...
Program Size: Code=4242 RO-data=6526 RW-data=56 ZI-data=688  
"a3.axf" - 0 Error(s), 0 Warning(s).
Load "N:\\ECE455-new\\ece455\\A3\\a3.AXF" 
Erase Done.
Programming Done.
Verify OK.
Build target 'Target 1'
compiling main.c...
linking...
Program Size: Code=4238 RO-data=6526 RW-data=56 ZI-data=688  
"a3.axf" - 0 Error(s), 0 Warning(s).
Load "N:\\ECE455-new\\ece455\\A3\\a3.AXF" 
Erase Done.
Programming Done.
Verify OK.
Build target 'Target 1'
compiling main.c...
linking...
Program Size: Code=4242 RO-data=6526 RW-data=56 ZI-data=688  
"a3.axf" - 0 Error(s), 0 Warning(s).
Load "N:\\ECE455-new\\ece455\\A3\\a3.AXF" 
Erase Done.
Programming Done.
Verify OK.
Build target 'Target 1'
compiling main.c...
linking...
Program Size: Code=4238 RO-data=6526 RW-data=56 ZI-data=688  
"a3.axf" - 0 Error(s), 0 Warning(s).
Load "N:\\ECE455-new\\ece455\\A3\\a3.AXF" 
Erase Done.
Programming Done.
Verify OK.
Build target 'Target 1'
compiling main.c...
linking...
Program Size: Code=4238 RO-data=6526 RW-data=56 ZI-data=688  
"a3.axf" - 0 Error(s), 0 Warning(s).
Load "N:\\ECE455-new\\ece455\\A3\\a3.AXF" 
Erase Done.
Programming Done.
Verify OK.
Build target 'Target 1'
compiling main.c...
linking...
Program Size: Code=4254 RO-data=6526 RW-data=56 ZI-data=688  
"a3.axf" - 0 Error(s), 0 Warning(s).
Load "N:\\ECE455-new\\ece455\\A3\\a3.AXF" 
Erase Done.
Programming Done.
Verify OK.
Build target 'Target 1'
compiling main.c...
linking...
Program Size: Code=4274 RO-data=6526 RW-data=56 ZI-data=688  
"a3.axf" - 0 Error(s), 0 Warning(s).
Load "N:\\ECE455-new\\ece455\\A3\\a3.AXF" 
Erase Done.
Programming Done.
Verify OK.
Build target 'Target 1'
compiling main.c...
linking...
Program Size: Code=4290 RO-data=6526 RW-data=56 ZI-data=688  
"a3.axf" - 0 Error(s), 0 Warning(s).
Load "N:\\ECE455-new\\ece455\\A3\\a3.AXF" 
Erase Done.
Programming Done.
Verify OK.
Build target 'Target 1'
compiling main.c...
linking...
Program Size: Code=4270 RO-data=6526 RW-data=56 ZI-data=688  
"a3.axf" - 0 Error(s), 0 Warning(s).
Load "N:\\ECE455-new\\ece455\\A3\\a3.AXF" 
Erase Done.
Programming Done.
Verify OK.
Build target 'Target 1'
compiling main.c...
linking...
Program Size: Code=4206 RO-data=6526 RW-data=56 ZI-data=688  
"a3.axf" - 0 Error(s), 0 Warning(s).
Load "N:\\ECE455-new\\ece455\\A3\\a3.AXF" 
Erase Done.
Programming Done.
Verify OK.
Build target 'Target 1'
compiling main.c...
linking...
Program Size: Code=4222 RO-data=6526 RW-data=56 ZI-data=688  
"a3.axf" - 0 Error(s), 0 Warning(s).
Load "N:\\ECE455-new\\ece455\\A3\\a3.AXF" 
Erase Done.
Programming Done.
Verify OK.
Build target 'Target 1'
compiling main.c...
linking...
Program Size: Code=4202 RO-data=6526 RW-data=56 ZI-data=688  
"a3.axf" - 0 Error(s), 0 Warning(s).
Load "N:\\ECE455-new\\ece455\\A3\\a3.AXF" 
Erase Done.
Programming Done.
Verify OK.
Build target 'Target 1'
compiling main.c...
linking...
Program Size: Code=4206 RO-data=6526 RW-data=56 ZI-data=688  
"a3.axf" - 0 Error(s), 0 Warning(s).
Load "N:\\ECE455-new\\ece455\\A3\\a3.AXF" 
Erase Done.
Programming Done.
Verify OK.
